{"level":"warn","time":"2019-12-17T17:54:48+05:30","message":"imaterial logger initialize!"}
{"level":"warn","time":"2019-12-17T17:57:50+05:30","message":"imaterial logger initialize!"}
{"level":"warn","time":"2019-12-17T18:00:18+05:30","message":"imaterial logger initialize!"}
{"level":"warn","time":"2019-12-17T18:02:39+05:30","message":"imaterial logger initialize!"}
{"level":"warn","time":"2019-12-17T18:03:24+05:30","message":"imaterial logger initialize!"}
{"level":"warn","time":"2019-12-17T18:03:32+05:30","message":"imaterial logger initialize!"}
{"level":"warn","time":"2019-12-17T18:05:26+05:30","message":"imaterial logger initialize!"}
{"level":"warn","time":"2019-12-17T18:13:08+05:30","message":"imaterial logger initialize!"}
{"level":"warn","time":"2019-12-17T18:18:17+05:30","message":"imaterial logger initialize!"}
{"level":"warn","time":"2019-12-18T12:48:50+05:30","message":"imaterial logger initialize!"}
{"level":"warn","time":"2019-12-18T12:55:37+05:30","message":"imaterial logger initialize!"}
{"level":"warn","time":"2019-12-18T15:53:49+05:30","message":"imaterial logger initialize!"}
{"level":"warn","time":"2019-12-18T15:55:01+05:30","message":"imaterial logger initialize!"}
{"level":"warn","time":"2019-12-18T15:58:39+05:30","message":"imaterial logger initialize!"}
{"level":"warn","time":"2019-12-18T16:02:06+05:30","message":"imaterial logger initialize!"}
{"level":"warn","time":"2019-12-18T16:09:03+05:30","message":"imaterial logger initialize!"}
{"level":"warn","time":"2019-12-18T16:12:53+05:30","message":"imaterial logger initialize!"}
{"level":"warn","time":"2019-12-18T16:18:48+05:30","message":"imaterial logger initialize!"}
{"level":"warn","time":"2019-12-18T16:27:00+05:30","message":"imaterial logger initialize!"}
{"level":"warn","time":"2019-12-18T16:27:07+05:30","message":"imaterial logger initialize!"}
{"level":"warn","time":"2019-12-18T16:32:58+05:30","message":"imaterial logger initialize!"}
{"level":"warn","time":"2019-12-18T16:46:37+05:30","message":"imaterial logger initialize!"}
{"level":"warn","time":"2019-12-18T16:50:44+05:30","message":"imaterial logger initialize!"}
{"level":"warn","time":"2019-12-18T16:51:20+05:30","message":"imaterial logger initialize!"}
{"level":"warn","time":"2019-12-18T16:52:35+05:30","message":"imaterial logger initialize!"}
{"level":"warn","time":"2019-12-18T17:49:22+05:30","message":"imaterial logger initialize!"}
{"level":"warn","time":"2019-12-18T17:52:38+05:30","message":"imaterial logger initialize!"}
{"level":"warn","time":"2019-12-18T18:00:21+05:30","message":"imaterial logger initialize!"}
{"level":"warn","time":"2019-12-18T18:06:08+05:30","message":"imaterial logger initialize!"}
{"level":"warn","time":"2019-12-19T14:35:28+05:30","message":"imaterial logger initialize!"}
{"level":"warn","time":"2019-12-19T14:41:48+05:30","message":"imaterial logger initialize!"}
{"level":"warn","time":"2019-12-19T15:00:45+05:30","message":"imaterial logger initialize!"}
{"level":"warn","time":"2019-12-19T15:07:52+05:30","message":"imaterial logger initialize!"}
{"level":"warn","time":"2019-12-19T15:15:19+05:30","message":"imaterial logger initialize!"}
{"level":"warn","time":"2019-12-19T15:19:20+05:30","message":"imaterial logger initialize!"}
{"level":"warn","time":"2019-12-19T15:32:13+05:30","message":"imaterial logger initialize!"}
{"level":"warn","time":"2019-12-19T15:41:14+05:30","message":"imaterial logger initialize!"}
{"level":"warn","time":"2019-12-19T16:06:58+05:30","message":"imaterial logger initialize!"}
{"level":"warn","time":"2019-12-20T11:17:19+05:30","message":"imaterial logger initialize!"}
{"level":"warn","time":"2019-12-20T11:28:04+05:30","message":"imaterial logger initialize!"}
{"level":"warn","time":"2019-12-20T11:33:49+05:30","message":"imaterial logger initialize!"}
{"level":"warn","time":"2019-12-20T11:37:26+05:30","message":"imaterial logger initialize!"}
{"level":"warn","time":"2019-12-20T11:38:41+05:30","message":"imaterial logger initialize!"}
{"level":"warn","time":"2019-12-20T12:20:29+05:30","message":"imaterial logger initialize!"}
{"level":"warn","time":"2019-12-20T12:22:20+05:30","message":"imaterial logger initialize!"}
{"level":"warn","time":"2019-12-20T12:23:23+05:30","message":"imaterial logger initialize!"}
{"level":"warn","time":"2019-12-23T15:41:10+05:30","message":"imaterial logger initialize!"}
{"level":"warn","time":"2019-12-23T16:50:38+05:30","message":"imaterial logger initialize!"}
{"level":"warn","time":"2019-12-23T16:52:20+05:30","message":"imaterial logger initialize!"}
{"level":"warn","time":"2019-12-31T11:50:35+05:30","message":"imaterial logger initialize!"}
{"level":"warn","time":"2020-01-03T14:46:32+05:30","message":"imaterial logger initialize!"}
{"level":"warn","time":"2020-01-03T16:07:56+05:30","message":"imaterial logger initialize!"}
{"level":"warn","time":"2020-01-03T16:31:41+05:30","message":"imaterial logger initialize!"}
{"level":"warn","time":"2020-01-03T16:33:04+05:30","message":"imaterial logger initialize!"}
{"level":"warn","time":"2020-01-03T16:36:22+05:30","message":"imaterial logger initialize!"}
{"level":"warn","time":"2020-01-03T17:54:38+05:30","message":"imaterial logger initialize!"}
{"level":"warn","time":"2020-01-03T17:57:46+05:30","message":"imaterial logger initialize!"}
{"level":"warn","time":"2020-01-03T18:01:40+05:30","message":"imaterial logger initialize!"}
{"level":"warn","time":"2020-01-03T18:56:10+05:30","message":"imaterial logger initialize!"}
{"level":"warn","time":"2020-01-03T19:07:02+05:30","message":"imaterial logger initialize!"}
{"level":"warn","time":"2020-01-03T19:09:03+05:30","message":"imaterial logger initialize!"}
{"level":"warn","time":"2020-01-03T19:15:11+05:30","message":"imaterial logger initialize!"}
{"level":"warn","time":"2020-01-04T11:13:59+05:30","message":"imaterial logger initialize!"}
{"level":"warn","time":"2020-01-04T11:28:20+05:30","message":"imaterial logger initialize!"}
{"level":"warn","time":"2020-01-04T11:32:33+05:30","message":"imaterial logger initialize!"}
{"level":"warn","time":"2020-01-04T11:35:18+05:30","message":"imaterial logger initialize!"}
{"level":"warn","time":"2020-01-04T11:41:46+05:30","message":"imaterial logger initialize!"}
{"level":"warn","time":"2020-01-04T11:59:08+05:30","message":"imaterial logger initialize!"}
{"level":"warn","time":"2020-01-04T12:04:43+05:30","message":"imaterial logger initialize!"}
